// Jest Snapshot v1, https://goo.gl/fbAQLP

exports[`<Error404 /> it renders correctly 1`] = `
<div
  className="container is-fluid"
>
  <h1
    className="title"
  >
    Page not found
  </h1>
  <div
    className="content"
  >
    <p>
      The page you we're looking for does not exist.
    </p>
  </div>
</div>
`;
